{
  "version": "1.5.0",
  "plugins_used": [
    {
      "name": "ArtifactoryDetector"
    },
    {
      "name": "AWSKeyDetector"
    },
    {
      "name": "AzureStorageKeyDetector"
    },
    {
      "name": "Base64HighEntropyString",
      "limit": 4.5
    },
    {
      "name": "BasicAuthDetector"
    },
    {
      "name": "CloudantDetector"
    },
    {
      "name": "DiscordBotTokenDetector"
    },
    {
      "name": "GitHubTokenDetector"
    },
    {
      "name": "GitLabTokenDetector"
    },
    {
      "name": "HexHighEntropyString",
      "limit": 3.0
    },
    {
      "name": "IbmCloudIamDetector"
    },
    {
      "name": "IbmCosHmacDetector"
    },
    {
      "name": "IPPublicDetector"
    },
    {
      "name": "JwtTokenDetector"
    },
    {
      "name": "KeywordDetector",
      "keyword_exclude": ""
    },
    {
      "name": "MailchimpDetector"
    },
    {
      "name": "NpmDetector"
    },
    {
      "name": "OpenAIDetector"
    },
    {
      "name": "PrivateKeyDetector"
    },
    {
      "name": "PypiTokenDetector"
    },
    {
      "name": "SendGridDetector"
    },
    {
      "name": "SlackDetector"
    },
    {
      "name": "SoftlayerDetector"
    },
    {
      "name": "SquareOAuthDetector"
    },
    {
      "name": "StripeDetector"
    },
    {
      "name": "TelegramBotTokenDetector"
    },
    {
      "name": "TwilioKeyDetector"
    }
  ],
  "filters_used": [
    {
      "path": "detect_secrets.filters.allowlist.is_line_allowlisted"
    },
    {
      "path": "detect_secrets.filters.heuristic.is_indirect_reference"
    },
    {
      "path": "detect_secrets.filters.heuristic.is_likely_id_string"
    },
    {
      "path": "detect_secrets.filters.heuristic.is_lock_file"
    },
    {
      "path": "detect_secrets.filters.heuristic.is_not_alphanumeric_string"
    },
    {
      "path": "detect_secrets.filters.heuristic.is_potential_uuid"
    },
    {
      "path": "detect_secrets.filters.heuristic.is_prefixed_with_dollar_sign"
    },
    {
      "path": "detect_secrets.filters.heuristic.is_sequential_string"
    },
    {
      "path": "detect_secrets.filters.heuristic.is_swagger_file"
    },
    {
      "path": "detect_secrets.filters.heuristic.is_templated_secret"
    }
  ],
  "results": {
    ".github/workflows/security.yml": [
      {
        "type": "Secret Keyword",
        "filename": ".github/workflows/security.yml",
        "hashed_secret": "45911c399272a8007d9a5ccddefc0a478bb5fecc",
        "is_verified": false,
        "line_number": 30,
        "is_secret": false
      }
    ],
    "scripts/generate_brand_assets.py": [
      {
        "type": "Hex High Entropy String",
        "filename": "scripts/generate_brand_assets.py",
        "hashed_secret": "ffed391b795ab90a6bb6c085b5024f8dbb53135c",
        "is_verified": false,
        "line_number": 74,
        "is_secret": false
      },
      {
        "type": "Hex High Entropy String",
        "filename": "scripts/generate_brand_assets.py",
        "hashed_secret": "7ff080b361e220d430312ee658701349a496be81",
        "is_verified": false,
        "line_number": 75,
        "is_secret": false
      }
    ],
    "skills/team-config/vendor/js-yaml.min.js": [
      {
        "type": "Base64 High Entropy String",
        "filename": "skills/team-config/vendor/js-yaml.min.js",
        "hashed_secret": "fd8201493aad9512bb25129219813806e68b2c51",
        "is_verified": false,
        "line_number": 2,
        "is_secret": false
      }
    ],
    "tests/test_bootstrap.py": [
      {
        "type": "Secret Keyword",
        "filename": "tests/test_bootstrap.py",
        "hashed_secret": "3acfb2c2b433c0ea7ff107e33df91b18e52f960f",
        "is_verified": false,
        "line_number": 19,
        "is_secret": false
      }
    ],
    "tests/test_config.py": [
      {
        "type": "Base64 High Entropy String",
        "filename": "tests/test_config.py",
        "hashed_secret": "380d7f1737c835d83c8389690808b5eea3ad0613",
        "is_verified": false,
        "line_number": 149,
        "is_secret": false
      },
      {
        "type": "Secret Keyword",
        "filename": "tests/test_config.py",
        "hashed_secret": "333a5c61a2a5af99579fb88a92cc13679694de83",
        "is_verified": false,
        "line_number": 157,
        "is_secret": false
      },
      {
        "type": "Secret Keyword",
        "filename": "tests/test_config.py",
        "hashed_secret": "547c26777a68f32d36e4914c97ad703b191ea0e1",
        "is_verified": false,
        "line_number": 177,
        "is_secret": false
      },
      {
        "type": "Base64 High Entropy String",
        "filename": "tests/test_config.py",
        "hashed_secret": "031ceb0f8731ba2c288ddfa3068593c40a3901b1",
        "is_verified": false,
        "line_number": 195,
        "is_secret": false
      },
      {
        "type": "Secret Keyword",
        "filename": "tests/test_config.py",
        "hashed_secret": "6205cb72a8b0accf6f93c719fa187d65f2427c17",
        "is_verified": false,
        "line_number": 219,
        "is_secret": false
      },
      {
        "type": "Base64 High Entropy String",
        "filename": "tests/test_config.py",
        "hashed_secret": "3a8d25be50ed5fab738fdd954113078ac1e3e565",
        "is_verified": false,
        "line_number": 228,
        "is_secret": false
      },
      {
        "type": "Secret Keyword",
        "filename": "tests/test_config.py",
        "hashed_secret": "950665db8750b4901e58d4a34bc45abacb3516f6",
        "is_verified": false,
        "line_number": 236,
        "is_secret": false
      }
    ],
    "tests/test_hooks.py": [
      {
        "type": "Secret Keyword",
        "filename": "tests/test_hooks.py",
        "hashed_secret": "3acfb2c2b433c0ea7ff107e33df91b18e52f960f",
        "is_verified": false,
        "line_number": 436,
        "is_secret": false
      }
    ],
    "tests/test_llm_usage_ledger.py": [
      {
        "type": "Basic Auth Credentials",
        "filename": "tests/test_llm_usage_ledger.py",
        "hashed_secret": "e5e9fa1ba31ecd1ae84f75caaa474f3a663f05f4",
        "is_verified": false,
        "line_number": 76,
        "is_secret": false
      },
      {
        "type": "Secret Keyword",
        "filename": "tests/test_llm_usage_ledger.py",
        "hashed_secret": "168ceb51bbed1de030c0b25167d8ffb6570102ce",
        "is_verified": false,
        "line_number": 119,
        "is_secret": false
      }
    ],
    "tests/test_provider_diagnostic.py": [
      {
        "type": "Secret Keyword",
        "filename": "tests/test_provider_diagnostic.py",
        "hashed_secret": "b36f45ed4a2f0d045e9ce9f25ee5cd686bc32c32",
        "is_verified": false,
        "line_number": 27,
        "is_secret": false
      }
    ],
    "tests/test_release_metadata.py": [
      {
        "type": "Hex High Entropy String",
        "filename": "tests/test_release_metadata.py",
        "hashed_secret": "7233f21a0a500afbf7b272224a95f46a8f22be06",
        "is_verified": false,
        "line_number": 13,
        "is_secret": false
      }
    ],
    "tests/test_repo_map.py": [
      {
        "type": "Secret Keyword",
        "filename": "tests/test_repo_map.py",
        "hashed_secret": "3acfb2c2b433c0ea7ff107e33df91b18e52f960f",
        "is_verified": false,
        "line_number": 149,
        "is_secret": false
      }
    ],
    "tests/test_sdk_runtime.py": [
      {
        "type": "Secret Keyword",
        "filename": "tests/test_sdk_runtime.py",
        "hashed_secret": "2c35baf5aa803a12df64c64b97df0445c46aeb03",
        "is_verified": false,
        "line_number": 80,
        "is_secret": false
      }
    ],
    "tests/test_session_characterization.py": [
      {
        "type": "Secret Keyword",
        "filename": "tests/test_session_characterization.py",
        "hashed_secret": "e9b4dce312643ee0e1bd0561a50d9d5a7e5a2be1",
        "is_verified": false,
        "line_number": 65,
        "is_secret": false
      }
    ],
    "tests/test_session_construction.py": [
      {
        "type": "Secret Keyword",
        "filename": "tests/test_session_construction.py",
        "hashed_secret": "e9b4dce312643ee0e1bd0561a50d9d5a7e5a2be1",
        "is_verified": false,
        "line_number": 42,
        "is_secret": false
      }
    ],
    "tests/test_session_persistence.py": [
      {
        "type": "Secret Keyword",
        "filename": "tests/test_session_persistence.py",
        "hashed_secret": "3acfb2c2b433c0ea7ff107e33df91b18e52f960f",
        "is_verified": false,
        "line_number": 166,
        "is_secret": false
      }
    ],
    "tests/test_team_config_skill.py": [
      {
        "type": "Hex High Entropy String",
        "filename": "tests/test_team_config_skill.py",
        "hashed_secret": "e6448b693473f534b442a899c0b07433759c2289",
        "is_verified": false,
        "line_number": 29,
        "is_secret": false
      },
      {
        "type": "Hex High Entropy String",
        "filename": "tests/test_team_config_skill.py",
        "hashed_secret": "a1a18cb8310803965ca9020d82f2dcf14101b783",
        "is_verified": false,
        "line_number": 30,
        "is_secret": false
      }
    ],
    "tests/test_team_decomposition.py": [
      {
        "type": "Secret Keyword",
        "filename": "tests/test_team_decomposition.py",
        "hashed_secret": "e9b4dce312643ee0e1bd0561a50d9d5a7e5a2be1",
        "is_verified": false,
        "line_number": 92,
        "is_secret": false
      }
    ],
    "tests/test_tool_call_processor_interceptor.py": [
      {
        "type": "Secret Keyword",
        "filename": "tests/test_tool_call_processor_interceptor.py",
        "hashed_secret": "e9b4dce312643ee0e1bd0561a50d9d5a7e5a2be1",
        "is_verified": false,
        "line_number": 24,
        "is_secret": false
      }
    ],
    "tests/test_workflow_runtime.py": [
      {
        "type": "Secret Keyword",
        "filename": "tests/test_workflow_runtime.py",
        "hashed_secret": "62836f14b86ed93da229b6b30b1556f322459d0f",
        "is_verified": false,
        "line_number": 88,
        "is_secret": false
      }
    ]
  },
  "generated_at": "2026-07-22T17:21:14Z"
}
